
user@LATITUDE5300 MINGW64 ~
$ cd Desktop/python-sudoku

user@LATITUDE5300 MINGW64 ~/Desktop/python-sudoku (main)
$ git add .

user@LATITUDE5300 MINGW64 ~/Desktop/python-sudoku (main)
$ git commit -m "Mobile RWD redesign: Disable soft keyboard, Tabbed Leaderboard, responsive grid"
[main 34bb7c6] Mobile RWD redesign: Disable soft keyboard, Tabbed Leaderboard, responsive grid
 1 file changed, 303 insertions(+), 415 deletions(-)

user@LATITUDE5300 MINGW64 ~/Desktop/python-sudoku (main)
$ git push
Enumerating objects: 10, done.
Counting objects: 100% (10/10), done.
Delta compression using up to 8 threads
Compressing objects: 100% (8/8), done.
Writing objects: 100% (8/8), 8.08 MiB | 2.74 MiB/s, done.
Total 8 (delta 2), reused 0 (delta 0), pack-reused 0 (from 0)
remote: Resolving deltas: 100% (2/2), done.
To https://github.com/ntpcbaechu/python-sudoku.git
   d638c2c..34bb7c6  main -> main

user@LATITUDE5300 MINGW64 ~/Desktop/python-sudoku (main)
$ git add .
git commit -m "Fix modal tabs logic to remember played difficulty and restyle modal buttons into rounded pills"
git push
[main 08db069] Fix modal tabs logic to remember played difficulty and restyle modal buttons into rounded pills
 1 file changed, 75 insertions(+), 37 deletions(-)
Enumerating objects: 5, done.
Counting objects: 100% (5/5), done.
Delta compression using up to 8 threads
Compressing objects: 100% (3/3), done.
Writing objects: 100% (3/3), 1.24 KiB | 1.24 MiB/s, done.
Total 3 (delta 2), reused 0 (delta 0), pack-reused 0 (from 0)
remote: Resolving deltas: 100% (2/2), completed with 2 local objects.
To https://github.com/ntpcbaechu/python-sudoku.git
   34bb7c6..08db069  main -> main

user@LATITUDE5300 MINGW64 ~/Desktop/python-sudoku (main)
$ git add .
git commit -m "Fix undo logic to fully clear cell values and add comprehensive line-by-line comments"
git push
[main 776761d] Fix undo logic to fully clear cell values and add comprehensive line-by-line comments
 1 file changed, 110 insertions(+), 78 deletions(-)
Enumerating objects: 5, done.
Counting objects: 100% (5/5), done.
Delta compression using up to 8 threads
Compressing objects: 100% (3/3), done.
Writing objects: 100% (3/3), 2.96 KiB | 2.96 MiB/s, done.
Total 3 (delta 2), reused 0 (delta 0), pack-reused 0 (from 0)
remote: Resolving deltas: 100% (2/2), completed with 2 local objects.
To https://github.com/ntpcbaechu/python-sudoku.git
   08db069..776761d  main -> main

user@LATITUDE5300 MINGW64 ~/Desktop/python-sudoku (main)
$ git add .
git commit -m "Implement randomized board permutations and fix desktop/mobile RWD dual layout"
git push
[main be2d97a] Implement randomized board permutations and fix desktop/mobile RWD dual layout
 1 file changed, 115 insertions(+), 85 deletions(-)
Enumerating objects: 5, done.
Counting objects: 100% (5/5), done.
Delta compression using up to 8 threads
Compressing objects: 100% (3/3), done.
Writing objects: 100% (3/3), 2.17 KiB | 2.17 MiB/s, done.
Total 3 (delta 2), reused 0 (delta 0), pack-reused 0 (from 0)
remote: Resolving deltas: 100% (2/2), completed with 2 local objects.
To https://github.com/ntpcbaechu/python-sudoku.git
   776761d..be2d97a  main -> main

user@LATITUDE5300 MINGW64 ~/Desktop/python-sudoku (main)
$
